2025-01-01 13:06:00 | WARN | repo=pv243-a4m36jee-2016-infinispan-seminar | action=commit
2025-02-26 21:56:00 | DEBUG | repo=pv243-a4m36jee-2016-infinispan-seminar | action=commit
2025-09-05 07:52:00 | WARN | repo=pv243-a4m36jee-2016-infinispan-seminar | action=commit
2025-10-13 20:06:00 | INFO | repo=pv243-a4m36jee-2016-infinispan-seminar | action=edit | files=3
2025-06-10 08:51:00 | WARN | repo=pv243-a4m36jee-2016-infinispan-seminar | action=commit
2025-01-28 07:32:00 | WARN | repo=pv243-a4m36jee-2016-infinispan-seminar | action=commit
2025-08-28 20:49:00 | DEBUG | repo=pv243-a4m36jee-2016-infinispan-seminar | action=commit
2025-01-01 21:16:00 | INFO | repo=pv243-a4m36jee-2016-infinispan-seminar | action=commit
2025-07-28 19:07:00 | INFO | repo=pv243-a4m36jee-2016-infinispan-seminar | action=commit
2025-12-03 09:32:00 | INFO | repo=pv243-a4m36jee-2016-infinispan-seminar | action=commit
2025-05-22 13:50:00 | WARN | repo=pv243-a4m36jee-2016-infinispan-seminar | action=commit
2025-07-01 09:52:00 | DEBUG | repo=pv243-a4m36jee-2016-infinispan-seminar | action=test | passed=true
2025-05-04 21:43:00 | WARN | repo=pv243-a4m36jee-2016-infinispan-seminar | action=pull
2025-03-03 07:54:00 | INFO | repo=pv243-a4m36jee-2016-infinispan-seminar | action=commit
2025-04-24 12:39:00 | DEBUG | repo=pv243-a4m36jee-2016-infinispan-seminar | action=edit | files=4
2025-08-19 08:16:00 | INFO | repo=pv243-a4m36jee-2016-infinispan-seminar | action=commit
2025-05-09 20:32:00 | WARN | repo=pv243-a4m36jee-2016-infinispan-seminar | action=commit
2025-06-02 12:17:00 | INFO | repo=pv243-a4m36jee-2016-infinispan-seminar | action=commit
2025-07-12 12:10:00 | WARN | repo=pv243-a4m36jee-2016-infinispan-seminar | action=commit
2025-11-18 09:19:00 | DEBUG | repo=pv243-a4m36jee-2016-infinispan-seminar | action=commit
2025-12-09 07:54:00 | DEBUG | repo=pv243-a4m36jee-2016-infinispan-seminar | action=edit | files=5
2025-05-12 09:29:00 | DEBUG | repo=pv243-a4m36jee-2016-infinispan-seminar | action=commit
2025-06-01 17:59:00 | INFO | repo=pv243-a4m36jee-2016-infinispan-seminar | action=commit
2025-10-05 07:15:00 | WARN | repo=pv243-a4m36jee-2016-infinispan-seminar | action=commit
